finishedAt: 1609459200
status: failing
failingChecks: FakeUsedDiskSpace
checkResults:
    - { name: FakeUsedDiskSpace, label: 'Fake Used Disk Space', notificationMessage: 'The disk is almost full (100% used).', shortSummary: 100%, status: failed, meta: { disk_space_used_percentage: 100 } }
