cacheStoreName: array
queues:
    - sync
label: Queue
name: Queue
runConditions:
    - true
    - {  }
throttleConfiguration:
    warning: { enabled: true, minutes: null }
    failed: { enabled: true, minutes: null }
