{"finishedAt":978307200,"status":"ok","failingChecks":"","checkResults":[{"name":"name","label":"label","notificationMessage":"message","shortSummary":"summary","status":"ok","meta":{"name":"value"}}]}